https://cdn.jsdelivr.net/gh/ViratiAkiraNandhanReddy/pixel-art-readme-gifs@v1/gifs/sqre/01596d7e-f470-412c-9f43-c08126fb7dc0.gif
https://cdn.jsdelivr.net/gh/ViratiAkiraNandhanReddy/pixel-art-readme-gifs@v1/gifs/sqre/19be3279-5f48-4477-bb7c-86f61c02bfc1.gif
https://cdn.jsdelivr.net/gh/ViratiAkiraNandhanReddy/pixel-art-readme-gifs@v1/gifs/sqre/1b0aa8fc-a6b3-4d81-b2b4-f5bd4030fe25.gif
https://cdn.jsdelivr.net/gh/ViratiAkiraNandhanReddy/pixel-art-readme-gifs@v1/gifs/sqre/32b3e6cc-bd73-49aa-95b7-90ba55c44fb8.gif
https://cdn.jsdelivr.net/gh/ViratiAkiraNandhanReddy/pixel-art-readme-gifs@v1/gifs/sqre/39f212b1-1d43-4676-8785-f0b86bc9c220.gif
https://cdn.jsdelivr.net/gh/ViratiAkiraNandhanReddy/pixel-art-readme-gifs@v1/gifs/sqre/50693849-1635-499f-891d-25b8139daabd.gif
https://cdn.jsdelivr.net/gh/ViratiAkiraNandhanReddy/pixel-art-readme-gifs@v1/gifs/sqre/542cf2fc-8641-47ef-98f0-d159eeaa4a2e.gif
https://cdn.jsdelivr.net/gh/ViratiAkiraNandhanReddy/pixel-art-readme-gifs@v1/gifs/sqre/82938490-da8c-4fc5-a192-75c578bcf955.gif
https://cdn.jsdelivr.net/gh/ViratiAkiraNandhanReddy/pixel-art-readme-gifs@v1/gifs/sqre/9a6c1d65-6aa2-42f3-9a39-91d9bac91497.gif
https://cdn.jsdelivr.net/gh/ViratiAkiraNandhanReddy/pixel-art-readme-gifs@v1/gifs/sqre/9e416d48-da4b-42e0-a9ea-7f495c08ad54.gif
https://cdn.jsdelivr.net/gh/ViratiAkiraNandhanReddy/pixel-art-readme-gifs@v1/gifs/sqre/a0072f37-0e99-450d-9234-93f62d080f15.gif
https://cdn.jsdelivr.net/gh/ViratiAkiraNandhanReddy/pixel-art-readme-gifs@v1/gifs/sqre/a9baeeac-8e6a-4aa9-976d-d38c7b80c94d.gif
https://cdn.jsdelivr.net/gh/ViratiAkiraNandhanReddy/pixel-art-readme-gifs@v1/gifs/sqre/abc64b49-ced7-47af-9de0-756de3798cb3.gif
https://cdn.jsdelivr.net/gh/ViratiAkiraNandhanReddy/pixel-art-readme-gifs@v1/gifs/sqre/bd96ae6b-ce2b-428f-9310-e0b4a2bcbe99.gif
https://cdn.jsdelivr.net/gh/ViratiAkiraNandhanReddy/pixel-art-readme-gifs@v1/gifs/sqre/bea2b427-5e43-45cb-ac51-28112339b1ef.gif
https://cdn.jsdelivr.net/gh/ViratiAkiraNandhanReddy/pixel-art-readme-gifs@v1/gifs/sqre/bf948053-2ffe-4421-ab0a-cda03c14f400.gif
https://cdn.jsdelivr.net/gh/ViratiAkiraNandhanReddy/pixel-art-readme-gifs@v1/gifs/sqre/c16f2acb-4953-40e0-87d0-9ad9f857fc85.gif
https://cdn.jsdelivr.net/gh/ViratiAkiraNandhanReddy/pixel-art-readme-gifs@v1/gifs/sqre/c1772a6e-2a7a-4088-909b-a4d81563141f.gif
https://cdn.jsdelivr.net/gh/ViratiAkiraNandhanReddy/pixel-art-readme-gifs@v1/gifs/sqre/caf98289-4202-44d6-bed7-4ded705e2edc.gif
https://cdn.jsdelivr.net/gh/ViratiAkiraNandhanReddy/pixel-art-readme-gifs@v1/gifs/sqre/e2ea0aa4-284a-4a7f-bc89-ae5a01d366e9.gif
https://cdn.jsdelivr.net/gh/ViratiAkiraNandhanReddy/pixel-art-readme-gifs@v1/gifs/sqre/e419120f-79ee-45ca-9e45-ba575dd0401c.gif
https://cdn.jsdelivr.net/gh/ViratiAkiraNandhanReddy/pixel-art-readme-gifs@v1/gifs/sqre/e9378f04-1e24-47da-8685-35ac9e31ca9e.gif
https://cdn.jsdelivr.net/gh/ViratiAkiraNandhanReddy/pixel-art-readme-gifs@v1/gifs/sqre/f5464463-2ca9-4613-984d-ec9fc0e24aba.gif
https://cdn.jsdelivr.net/gh/ViratiAkiraNandhanReddy/pixel-art-readme-gifs@v1/gifs/sqre/f5598480-9fb7-4ed9-abb4-118cd0c0ff5e.gif