https://cdn.jsdelivr.net/gh/ViratiAkiraNandhanReddy/pixel-art-readme-gifs@v1/gifs/vtcl/01679dc7-ad6e-4463-8461-cd89bf470be5.gif
https://cdn.jsdelivr.net/gh/ViratiAkiraNandhanReddy/pixel-art-readme-gifs@v1/gifs/vtcl/071061a2-4e07-44f4-82be-2e6da0294597.gif
https://cdn.jsdelivr.net/gh/ViratiAkiraNandhanReddy/pixel-art-readme-gifs@v1/gifs/vtcl/13d40def-9425-4bc0-b362-1e1eaa094fef.gif
https://cdn.jsdelivr.net/gh/ViratiAkiraNandhanReddy/pixel-art-readme-gifs@v1/gifs/vtcl/194a3f2b-1a1b-44bb-a29f-32912bdc5ef1.gif
https://cdn.jsdelivr.net/gh/ViratiAkiraNandhanReddy/pixel-art-readme-gifs@v1/gifs/vtcl/19772292-a80d-4aea-ae45-cfd28faac7f7.gif
https://cdn.jsdelivr.net/gh/ViratiAkiraNandhanReddy/pixel-art-readme-gifs@v1/gifs/vtcl/1aec5741-02c9-4597-8390-994374179b3d.gif
https://cdn.jsdelivr.net/gh/ViratiAkiraNandhanReddy/pixel-art-readme-gifs@v1/gifs/vtcl/1d51fa06-ea70-46b4-892c-43253ca17793.gif
https://cdn.jsdelivr.net/gh/ViratiAkiraNandhanReddy/pixel-art-readme-gifs@v1/gifs/vtcl/28fb5fb5-4631-4879-8671-00fea84ca5d7.gif
https://cdn.jsdelivr.net/gh/ViratiAkiraNandhanReddy/pixel-art-readme-gifs@v1/gifs/vtcl/3868ef92-5f94-49ca-9ab6-1eaa9ce50665.gif
https://cdn.jsdelivr.net/gh/ViratiAkiraNandhanReddy/pixel-art-readme-gifs@v1/gifs/vtcl/3d42e9d6-af6a-40e0-85e3-e2776671438f.gif
https://cdn.jsdelivr.net/gh/ViratiAkiraNandhanReddy/pixel-art-readme-gifs@v1/gifs/vtcl/3fcf318f-5516-4a6d-82d0-7af0c219f855.gif
https://cdn.jsdelivr.net/gh/ViratiAkiraNandhanReddy/pixel-art-readme-gifs@v1/gifs/vtcl/4734ae7b-e558-4435-8327-7cb09f667190.gif
https://cdn.jsdelivr.net/gh/ViratiAkiraNandhanReddy/pixel-art-readme-gifs@v1/gifs/vtcl/4c89f977-0850-42a6-8397-465c5ba1f15e.gif
https://cdn.jsdelivr.net/gh/ViratiAkiraNandhanReddy/pixel-art-readme-gifs@v1/gifs/vtcl/58837429-458e-413d-9ea0-49e2af285bca.gif
https://cdn.jsdelivr.net/gh/ViratiAkiraNandhanReddy/pixel-art-readme-gifs@v1/gifs/vtcl/5e5e0f82-a7ce-427a-8cb4-37deda798d2b.gif
https://cdn.jsdelivr.net/gh/ViratiAkiraNandhanReddy/pixel-art-readme-gifs@v1/gifs/vtcl/6231df0a-06e3-41e9-92b6-e9d8a9b5f2bb.gif
https://cdn.jsdelivr.net/gh/ViratiAkiraNandhanReddy/pixel-art-readme-gifs@v1/gifs/vtcl/65c459ee-97cd-4366-a32c-f8222fa81c73.gif
https://cdn.jsdelivr.net/gh/ViratiAkiraNandhanReddy/pixel-art-readme-gifs@v1/gifs/vtcl/6d224524-bdf7-4681-abff-fa505e05d677.gif
https://cdn.jsdelivr.net/gh/ViratiAkiraNandhanReddy/pixel-art-readme-gifs@v1/gifs/vtcl/796446b9-e436-4e00-bfd1-cd777125bb78.gif
https://cdn.jsdelivr.net/gh/ViratiAkiraNandhanReddy/pixel-art-readme-gifs@v1/gifs/vtcl/8ae0e052-3e97-4850-b25e-9ec4bf6a12d6.gif
https://cdn.jsdelivr.net/gh/ViratiAkiraNandhanReddy/pixel-art-readme-gifs@v1/gifs/vtcl/91e3a05b-de86-426c-b499-9d3a64964609.gif
https://cdn.jsdelivr.net/gh/ViratiAkiraNandhanReddy/pixel-art-readme-gifs@v1/gifs/vtcl/926b6e11-f962-40e6-8317-d04d4aad97e0.gif
https://cdn.jsdelivr.net/gh/ViratiAkiraNandhanReddy/pixel-art-readme-gifs@v1/gifs/vtcl/b1b320cd-c6d7-4abe-ac89-2d871dd29ee2.gif
https://cdn.jsdelivr.net/gh/ViratiAkiraNandhanReddy/pixel-art-readme-gifs@v1/gifs/vtcl/b4b19764-4de8-494f-ae61-cd65ef7826b0.gif
https://cdn.jsdelivr.net/gh/ViratiAkiraNandhanReddy/pixel-art-readme-gifs@v1/gifs/vtcl/b987d2ea-505c-4ff0-91ae-beb05ebbcaf1.gif
https://cdn.jsdelivr.net/gh/ViratiAkiraNandhanReddy/pixel-art-readme-gifs@v1/gifs/vtcl/b98a5b45-7513-49f2-af3c-d3fd09bb4f1c.gif
https://cdn.jsdelivr.net/gh/ViratiAkiraNandhanReddy/pixel-art-readme-gifs@v1/gifs/vtcl/c53f4e40-9645-4f81-95cf-171c61d93e98.gif
https://cdn.jsdelivr.net/gh/ViratiAkiraNandhanReddy/pixel-art-readme-gifs@v1/gifs/vtcl/ce7cf567-cbeb-4b9e-abf0-7db1e52cf208.gif
https://cdn.jsdelivr.net/gh/ViratiAkiraNandhanReddy/pixel-art-readme-gifs@v1/gifs/vtcl/d03050c5-4805-4c26-bffa-7603126527ff.gif
https://cdn.jsdelivr.net/gh/ViratiAkiraNandhanReddy/pixel-art-readme-gifs@v1/gifs/vtcl/da7e8f4e-b11d-47e2-843d-29bef122f715.gif
https://cdn.jsdelivr.net/gh/ViratiAkiraNandhanReddy/pixel-art-readme-gifs@v1/gifs/vtcl/dbdde420-c489-4e88-afd3-eb8854e45164.gif
https://cdn.jsdelivr.net/gh/ViratiAkiraNandhanReddy/pixel-art-readme-gifs@v1/gifs/vtcl/de708b8c-c6bc-40e1-b764-690b473b0c5e.gif
https://cdn.jsdelivr.net/gh/ViratiAkiraNandhanReddy/pixel-art-readme-gifs@v1/gifs/vtcl/dee1b7a7-7dfc-473a-9c9f-90116b466ed7.gif
https://cdn.jsdelivr.net/gh/ViratiAkiraNandhanReddy/pixel-art-readme-gifs@v1/gifs/vtcl/ecccd335-1e7e-4adb-a2d2-2c22282b894f.gif
https://cdn.jsdelivr.net/gh/ViratiAkiraNandhanReddy/pixel-art-readme-gifs@v1/gifs/vtcl/f0321376-a0c0-47c8-80c4-9dfda31a7b2d.gif
https://cdn.jsdelivr.net/gh/ViratiAkiraNandhanReddy/pixel-art-readme-gifs@v1/gifs/vtcl/f0c53b2f-e53c-4d58-bea2-e79ae8d8c602.gif
https://cdn.jsdelivr.net/gh/ViratiAkiraNandhanReddy/pixel-art-readme-gifs@v1/gifs/vtcl/f0d88d24-1227-4d77-971a-611b3c48c69b.gif
https://cdn.jsdelivr.net/gh/ViratiAkiraNandhanReddy/pixel-art-readme-gifs@v1/gifs/vtcl/fb43500d-40a7-4bce-a9c4-a8d83822cf70.gif